INFO: [VRFC 10-2263] Analyzing Verilog file "F:/Digital-System-Design-Semester-Project-CEP/DSD Project + CEP/CEP/CEP.srcs/sources_1/new/alu.v" into library xil_defaultlib
INFO: [VRFC 10-311] analyzing module alu
INFO: [VRFC 10-2263] Analyzing Verilog file "F:/Digital-System-Design-Semester-Project-CEP/DSD Project + CEP/CEP/CEP.srcs/sources_1/new/alu_control.v" into library xil_defaultlib
INFO: [VRFC 10-311] analyzing module alu_control
INFO: [VRFC 10-2263] Analyzing Verilog file "F:/Digital-System-Design-Semester-Project-CEP/DSD Project + CEP/CEP/CEP.srcs/sources_1/new/control_unit.v" into library xil_defaultlib
INFO: [VRFC 10-311] analyzing module control_unit
INFO: [VRFC 10-2263] Analyzing Verilog file "F:/Digital-System-Design-Semester-Project-CEP/DSD Project + CEP/CEP/CEP.srcs/sources_1/new/data_memory.v" into library xil_defaultlib
INFO: [VRFC 10-311] analyzing module data_memory
INFO: [VRFC 10-2263] Analyzing Verilog file "F:/Digital-System-Design-Semester-Project-CEP/DSD Project + CEP/CEP/CEP.srcs/sources_1/new/instruction_memory.v" into library xil_defaultlib
INFO: [VRFC 10-311] analyzing module instruction_memory
INFO: [VRFC 10-2263] Analyzing Verilog file "F:/Digital-System-Design-Semester-Project-CEP/DSD Project + CEP/CEP/CEP.srcs/sources_1/new/mips_core.v" into library xil_defaultlib
INFO: [VRFC 10-311] analyzing module mips_core
INFO: [VRFC 10-2263] Analyzing Verilog file "F:/Digital-System-Design-Semester-Project-CEP/DSD Project + CEP/CEP/CEP.srcs/sources_1/new/program_counter.v" into library xil_defaultlib
INFO: [VRFC 10-311] analyzing module pc
INFO: [VRFC 10-2263] Analyzing Verilog file "F:/Digital-System-Design-Semester-Project-CEP/DSD Project + CEP/CEP/CEP.srcs/sources_1/new/register_file.v" into library xil_defaultlib
INFO: [VRFC 10-311] analyzing module register_file
INFO: [VRFC 10-2263] Analyzing Verilog file "F:/Digital-System-Design-Semester-Project-CEP/DSD Project + CEP/CEP/CEP.srcs/sources_1/new/sign_extend.v" into library xil_defaultlib
INFO: [VRFC 10-311] analyzing module sign_extend
INFO: [VRFC 10-2263] Analyzing Verilog file "F:/Digital-System-Design-Semester-Project-CEP/DSD Project + CEP/CEP/CEP.srcs/sim_1/new/mips_tb.v" into library xil_defaultlib
INFO: [VRFC 10-311] analyzing module mips_tb
