Copyright 1986-2018 Xilinx, Inc. All Rights Reserved.
--------------------------------------------------------------------------------------
| Tool Version : Vivado v.2018.2 (win64) Build 2258646 Thu Jun 14 20:03:12 MDT 2018
| Date         : Sun May 31 18:21:34 2026
| Host         : DESKTOP-5HCU1TC running 64-bit major release  (build 9200)
| Command      : report_control_sets -verbose -file top_nexys_control_sets_placed.rpt
| Design       : top_nexys
| Device       : xc7a100t
--------------------------------------------------------------------------------------

Control Set Information

Table of Contents
-----------------
1. Summary
2. Histogram
3. Flip-Flop Distribution
4. Detailed Control Set Information

1. Summary
----------

+----------------------------------------------------------+-------+
|                          Status                          | Count |
+----------------------------------------------------------+-------+
| Number of unique control sets                            |    10 |
| Unused register locations in slices containing registers |    12 |
+----------------------------------------------------------+-------+


2. Histogram
------------

+--------+--------------+
| Fanout | Control Sets |
+--------+--------------+
|      2 |            1 |
|     12 |            1 |
|    16+ |            8 |
+--------+--------------+


3. Flip-Flop Distribution
-------------------------

+--------------+-----------------------+------------------------+-----------------+--------------+
| Clock Enable | Synchronous Set/Reset | Asynchronous Set/Reset | Total Registers | Total Slices |
+--------------+-----------------------+------------------------+-----------------+--------------+
| No           | No                    | No                     |              12 |            3 |
| No           | No                    | Yes                    |              62 |            8 |
| No           | Yes                   | No                     |              32 |            4 |
| Yes          | No                    | No                     |               0 |            0 |
| Yes          | No                    | Yes                    |              66 |           15 |
| Yes          | Yes                   | No                     |               0 |            0 |
+--------------+-----------------------+------------------------+-----------------+--------------+


4. Detailed Control Set Information
-----------------------------------

+-----------------------+--------------------------------------+--------------------------+------------------+----------------+
|      Clock Signal     |             Enable Signal            |     Set/Reset Signal     | Slice Load Count | Bel Load Count |
+-----------------------+--------------------------------------+--------------------------+------------------+----------------+
|  clk_100MHz_IBUF_BUFG | core/pc_inst/halt0                   | reset_sync               |                1 |              2 |
|  clk_100MHz_IBUF_BUFG |                                      |                          |                3 |             12 |
|  clk_100MHz_IBUF_BUFG |                                      | disp/counter[16]_i_1_n_0 |                4 |             32 |
|  clk_100MHz_IBUF_BUFG |                                      | reset_sync               |                8 |             62 |
|  clk_100MHz_IBUF_BUFG | show_btn_IBUF                        | reset_sync               |               14 |             64 |
|  clk_100MHz_IBUF_BUFG | core/pc_inst/display_value_reg[31]   |                          |               32 |            256 |
|  clk_100MHz_IBUF_BUFG | core/pc_inst/display_value_reg[31]_0 |                          |               32 |            256 |
|  clk_100MHz_IBUF_BUFG | core/pc_inst/display_value_reg[7]    |                          |               32 |            256 |
|  clk_100MHz_IBUF_BUFG | core/pc_inst/display_value_reg[7]_2  |                          |               32 |            256 |
|  clk_100MHz_IBUF_BUFG | core/pc_inst/p_0_in                  |                          |               18 |            288 |
+-----------------------+--------------------------------------+--------------------------+------------------+----------------+


